MO OBUFE_MXILINX_skosnoere NULL skosnoere.vf vlg45/_o_b_u_f_e___m_x_i_l_i_n_x__skosnoere.bin 1399622741
MO SR8CLE_MXILINX_skosnoere NULL skosnoere.vf vlg61/_s_r8_c_l_e___m_x_i_l_i_n_x__skosnoere.bin 1399622741
MO SR8CE_MXILINX_skosnoere NULL skosnoere.vf vlg75/_s_r8_c_e___m_x_i_l_i_n_x__skosnoere.bin 1399622741
MO FD_MXILINX_skosnoere NULL skosnoere.vf vlg76/_f_d___m_x_i_l_i_n_x__skosnoere.bin 1399622741
MO NOR8_MXILINX_skosnoere NULL skosnoere.vf vlg6B/_n_o_r8___m_x_i_l_i_n_x__skosnoere.bin 1399622741
MO M2_1_MXILINX_skosnoere NULL skosnoere.vf vlg13/_m2__1___m_x_i_l_i_n_x__skosnoere.bin 1399622741
MO IBUF8_MXILINX_skosnoere NULL skosnoere.vf vlg0A/_i_b_u_f8___m_x_i_l_i_n_x__skosnoere.bin 1399622741
MO skosnoere NULL skosnoere.vf vlg55/skosnoere.bin 1399622741
